<html>
<body>
<pre>
<h1>µVision Build Log</h1>
<h2>Tool Versions:</h2>
IDE-Version: ¦ÌVision V5.40.0.0
Copyright (C) 2024 ARM Ltd and ARM Germany GmbH. All rights reserved.
License Information: 1 Administrator, 1, LIC=76F5U-S4PLS-QDXKD-8HUUQ-CILFS-H85YP
 
Tool Versions:
Toolchain:       MDK-ARM Plus  Version: 5.40.0.3
Toolchain Path:  F:\keil 5\ARM\ARMCLANG\Bin
C Compiler:      ArmClang.exe V6.22
Assembler:       Armasm.exe V6.22
Linker/Locator:  ArmLink.exe V6.22
Library Manager: ArmAr.exe V6.22
Hex Converter:   FromElf.exe V6.22
CPU DLL:         SARMCM3.DLL V5.40.0.3
Dialog DLL:      D.DLL
Target DLL:      STLink\ST-LINKIII-KEIL_SWO.dll V3.3.0.0
Dialog DLL:      TCM.DLL V1.56.4.0
 
<h2>Project:</h2>
F:\repositories\Myrobot\two_select_stm32f103zet6\MDK-ARM\2023E.uvprojx
Project File Date:  09/12/2024

<h2>Output:</h2>
*** Using Compiler 'V6.22', folder: 'F:\keil 5\ARM\ARMCLANG\Bin'
Rebuild target '2023E'
Note: source file '..\USER\Src\OLED.c' - object file renamed from '2023E\OLED.o' to '2023E\oled_1.o'.
assembling startup_stm32f103xe.s...
compiling stm32f1xx_hal_msp.c...
compiling usart.c...
compiling gpio.c...
compiling stm32f1xx_it.c...
compiling main.c...
compiling tim.c...
compiling stm32f1xx_hal_gpio_ex.c...
compiling stm32f1xx_hal.c...
compiling stm32f1xx_hal_rcc_ex.c...
compiling stm32f1xx_hal_gpio.c...
compiling stm32f1xx_hal_pwr.c...
compiling stm32f1xx_hal_cortex.c...
compiling stm32f1xx_hal_rcc.c...
compiling stm32f1xx_hal_dma.c...
compiling stm32f1xx_hal_flash.c...
compiling stm32f1xx_hal_flash_ex.c...
compiling stm32f1xx_hal_exti.c...
compiling system_stm32f1xx.c...
compiling comserial.c...
compiling openmv.c...
compiling pid.c...
compiling stm32f1xx_hal_tim_ex.c...
compiling ano.c...
compiling stm32f1xx_hal_uart.c...
compiling MPU6050_I2C.c...
compiling find_trace_GRAY.c...
compiling MPU6050.c...
compiling Delay.c...
compiling encode.c...
compiling OLED.c...
compiling simple_motor_example.c...
compiling Servo.c...
compiling stm32f1xx_hal_tim.c...
linking...
Program Size: Code=10858 RO-data=362 RW-data=12 ZI-data=2332  
FromELF: creating hex file...
"2023E\2023E.axf" - 0 Error(s), 0 Warning(s).

<h2>Software Packages used:</h2>

Package Vendor: ARM
                https://www.keil.com/pack/ARM.CMSIS.6.1.0.pack
                ARM::CMSIS@6.1.0
                CMSIS (Common Microcontroller Software Interface Standard)
   * Component: CORE Version: 6.1.0

Package Vendor: Keil
                http://www.keil.com/pack/Keil.STM32F1xx_DFP.2.2.0.pack
                Keil::STM32F1xx_DFP@2.2.0
                STMicroelectronics STM32F1 Series Device Support, Drivers and Examples

<h2>Collection of Component include folders:</h2>
  ./RTE/_2023E
  F:/keil 5/ARM/PACK/ARM/CMSIS/6.1.0/CMSIS/Core/Include
  F:/keil 5/ARM/PACK/Keil/STM32F1xx_DFP/2.2.0/Device/Include

<h2>Collection of Component Files used:</h2>

   * Component: ARM::CMSIS:CORE@6.1.0
      Include file:  CMSIS/Core/Include/tz_context.h
Build Time Elapsed:  00:00:03
</pre>
</body>
</html>
