<html>
<body>
<pre>
<h1>µVision Build Log</h1>
<h2>Tool Versions:</h2>
IDE-Version: ¦ÌVision V5.24.2.0
Copyright (C) 2017 ARM Ltd and ARM Germany GmbH. All rights reserved.
License Information: 1 Administrator, 1, LIC=76F5U-S4PLS-QDXKD-8HUUQ-CILFS-H85YP
 
Tool Versions:
Toolchain:       MDK-ARM Plus  Version: 5.24.1
Toolchain Path:  F:\keil 5\ARM\ARMCC\Bin
C Compiler:      Armcc.exe V5.06 update 5 (build 528)
Assembler:       Armasm.exe V5.06 update 5 (build 528)
Linker/Locator:  ArmLink.exe V5.06 update 5 (build 528)
Library Manager: ArmAr.exe V5.06 update 5 (build 528)
Hex Converter:   FromElf.exe V5.06 update 5 (build 528)
CPU DLL:         SARMCM3.DLL V5.24.1
Dialog DLL:      DCM.DLL V1.16.0.0
Target DLL:      STLink\ST-LINKIII-KEIL_SWO.dll V3.0.1.0
Dialog DLL:      TCM.DLL V1.32.0.0
 
<h2>Project:</h2>
F:\repositories\Myrobot\two_select_stm32f103zet6\MDK-ARM\2023E.uvprojx
Project File Date:  05/20/2024

<h2>Output:</h2>
*** Using Compiler 'V5.06 update 5 (build 528)', folder: 'F:\keil 5\ARM\ARMCC\Bin'
Build target '2023E'
compiling simple_motor_example.c...
..\USER\Src\simple_motor_example.c(46): warning:  #188-D: enumerated type mixed with another type
  		
N1(1);
..\USER\Src\simple_motor_example.c(46): warning:  #188-D: enumerated type mixed with another type
  		
N1(1);
..\USER\Src\simple_motor_example.c(47): warning:  #188-D: enumerated type mixed with another type
  		
N2(0);
..\USER\Src\simple_motor_example.c(47): warning:  #188-D: enumerated type mixed with another type
  		
N2(0);
..\USER\Src\simple_motor_example.c(51): warning:  #188-D: enumerated type mixed with another type
  		
N1(0);
..\USER\Src\simple_motor_example.c(51): warning:  #188-D: enumerated type mixed with another type
  		
N1(0);
..\USER\Src\simple_motor_example.c(52): warning:  #188-D: enumerated type mixed with another type
  		
N2(1);
..\USER\Src\simple_motor_example.c(52): warning:  #188-D: enumerated type mixed with another type
  		
N2(1);
..\USER\Src\simple_motor_example.c(59): warning:  #188-D: enumerated type mixed with another type
  		
N3(1);
..\USER\Src\simple_motor_example.c(59): warning:  #188-D: enumerated type mixed with another type
  		
N3(1);
..\USER\Src\simple_motor_example.c(60): warning:  #188-D: enumerated type mixed with another type
  		
N4(0);
..\USER\Src\simple_motor_example.c(60): warning:  #188-D: enumerated type mixed with another type
  		
N4(0);
..\USER\Src\simple_motor_example.c(64): warning:  #188-D: enumerated type mixed with another type
  			
N3(0);
..\USER\Src\simple_motor_example.c(64): warning:  #188-D: enumerated type mixed with another type
  			
N3(0);
..\USER\Src\simple_motor_example.c(65): warning:  #188-D: enumerated type mixed with another type
  		  
N4(1);
..\USER\Src\simple_motor_example.c(65): warning:  #188-D: enumerated type mixed with another type
  		  
N4(1);
..\USER\Src\simple_motor_example.c(71): warning:  #223-D: function "abs" declared implicitly
  		motor1=abs(motor1)+dead_veltage;
..\USER\Src\simple_motor_example.c(82): warning:  #223-D: function "abs" declared implicitly
  		motor2=abs(motor2)+dead_veltage;
..\USER\Src\simple_motor_example.c(93): warning:  #188-D: enumerated type mixed with another type
      
N1(0);
..\USER\Src\simple_motor_example.c(93): warning:  #188-D: enumerated type mixed with another type
      
N1(0);
..\USER\Src\simple_motor_example.c(94): warning:  #188-D: enumerated type mixed with another type
      
N2(0);
..\USER\Src\simple_motor_example.c(94): warning:  #188-D: enumerated type mixed with another type
      
N2(0);
..\USER\Src\simple_motor_example.c(95): warning:  #188-D: enumerated type mixed with another type
      
N3(0);
..\USER\Src\simple_motor_example.c(95): warning:  #188-D: enumerated type mixed with another type
      
N3(0);
..\USER\Src\simple_motor_example.c(96): warning:  #188-D: enumerated type mixed with another type
      
N4(0);
..\USER\Src\simple_motor_example.c(96): warning:  #188-D: enumerated type mixed with another type
      
N4(0);
..\USER\Src\simple_motor_example.c: 26 warnings, 0 errors
linking...
Program Size: Code=10634 RO-data=378 RW-data=80 ZI-data=2144  
FromELF: creating hex file...
"2023E\2023E.axf" - 0 Error(s), 26 Warning(s).

<h2>Software Packages used:</h2>

Package Vendor: ARM
                http://www.keil.com/pack/ARM.CMSIS.5.0.1.pack
                ARM.CMSIS.5.0.1
                CMSIS (Cortex Microcontroller Software Interface Standard)
   * Component: CORE Version: 5.0.1

Package Vendor: Keil
                http://www.keil.com/pack/Keil.STM32F1xx_DFP.2.2.0.pack
                Keil.STM32F1xx_DFP.2.2.0
                STMicroelectronics STM32F1 Series Device Support, Drivers and Examples

<h2>Collection of Component include folders:</h2>
  .\RTE\_2023E
  F:\keil 5\ARM\PACK\ARM\CMSIS\5.0.1\CMSIS\Include
  F:\keil 5\ARM\PACK\Keil\STM32F1xx_DFP\2.2.0\Device\Include

<h2>Collection of Component Files used:</h2>

   * Component: ARM::CMSIS:CORE:5.0.1
Build Time Elapsed:  00:00:02
</pre>
</body>
</html>
